2026-08-28 19:30:02.080 Uvicorn server started on localhost:8501

  You can now view your Streamlit app in your browser.

  URL: http://localhost:8501

D:\DOCUMENTOS\TRABAJO\IIMAS\CLASES\IA para Ciencias de Datos\AGENTE Y CIENCIA DE DATOS\PRUEBAS\EJERCICIO10\.venv\Lib\site-packages\sklearn\base.py:376: InconsistentVersionWarning: Trying to unpickle estimator SimpleImputer from version 1.2.2 when using version 1.5.2. This might lead to breaking code or invalid results. Use at your own risk. For more info please refer to:
https://scikit-learn.org/stable/model_persistence.html#security-maintainability-limitations
  warnings.warn(
D:\DOCUMENTOS\TRABAJO\IIMAS\CLASES\IA para Ciencias de Datos\AGENTE Y CIENCIA DE DATOS\PRUEBAS\EJERCICIO10\.venv\Lib\site-packages\sklearn\base.py:376: InconsistentVersionWarning: Trying to unpickle estimator StandardScaler from version 1.2.2 when using version 1.5.2. This might lead to breaking code or invalid results. Use at your own risk. For more info please refer to:
https://scikit-learn.org/stable/model_persistence.html#security-maintainability-limitations
  warnings.warn(
D:\DOCUMENTOS\TRABAJO\IIMAS\CLASES\IA para Ciencias de Datos\AGENTE Y CIENCIA DE DATOS\PRUEBAS\EJERCICIO10\.venv\Lib\site-packages\sklearn\base.py:376: InconsistentVersionWarning: Trying to unpickle estimator Pipeline from version 1.2.2 when using version 1.5.2. This might lead to breaking code or invalid results. Use at your own risk. For more info please refer to:
https://scikit-learn.org/stable/model_persistence.html#security-maintainability-limitations
  warnings.warn(
D:\DOCUMENTOS\TRABAJO\IIMAS\CLASES\IA para Ciencias de Datos\AGENTE Y CIENCIA DE DATOS\PRUEBAS\EJERCICIO10\.venv\Lib\site-packages\sklearn\base.py:376: InconsistentVersionWarning: Trying to unpickle estimator OneHotEncoder from version 1.2.2 when using version 1.5.2. This might lead to breaking code or invalid results. Use at your own risk. For more info please refer to:
https://scikit-learn.org/stable/model_persistence.html#security-maintainability-limitations
  warnings.warn(
D:\DOCUMENTOS\TRABAJO\IIMAS\CLASES\IA para Ciencias de Datos\AGENTE Y CIENCIA DE DATOS\PRUEBAS\EJERCICIO10\.venv\Lib\site-packages\sklearn\base.py:376: InconsistentVersionWarning: Trying to unpickle estimator ColumnTransformer from version 1.2.2 when using version 1.5.2. This might lead to breaking code or invalid results. Use at your own risk. For more info please refer to:
https://scikit-learn.org/stable/model_persistence.html#security-maintainability-limitations
  warnings.warn(
D:\DOCUMENTOS\TRABAJO\IIMAS\CLASES\IA para Ciencias de Datos\AGENTE Y CIENCIA DE DATOS\PRUEBAS\EJERCICIO10\.venv\Lib\site-packages\sklearn\base.py:376: InconsistentVersionWarning: Trying to unpickle estimator LogisticRegression from version 1.2.2 when using version 1.5.2. This might lead to breaking code or invalid results. Use at your own risk. For more info please refer to:
https://scikit-learn.org/stable/model_persistence.html#security-maintainability-limitations
  warnings.warn(
